=== probe start pid=3378773 22:02:36 log=/vol1/1000/airesults/hermes-pocket/evidence/终端回车-20260927/靶子逐字节日志-原始.log ===
788847 0x0D '\r'
792837 0x52 'R'
792837 0x34 '4'
792837 0x37 '7'
792837 0x50 'P'
792837 0x52 'R'
792837 0x4F 'O'
792837 0x42 'B'
792837 0x45 'E'
795761 0x0D '\r'
816921 0x59 'Y'
816921 0x34 '4'
816921 0x37 '7'
816921 0x49 'I'
816921 0x4D 'M'
816921 0x45 'E'
816921 0x5A 'Z'
816921 0x34 '4'
816922 0x37 '7'
816922 0x49 'I'
816922 0x4D 'M'
816922 0x45 'E'
837477 0x52 'R'
837477 0x34 '4'
837477 0x37 '7'
837477 0x50 'P'
837477 0x52 'R'
837477 0x4F 'O'
837477 0x42 'B'
837477 0x45 'E'
837477 0x31 '1'
843063 0x5A 'Z'
843063 0x34 '4'
843063 0x37 '7'
843063 0x49 'I'
843063 0x4D 'M'
843063 0x45 'E'
